{
  "network_identifier": {
    "blockchain": "cardano",
    "network": "mainnet"
  },
  "account_identifier": {
    "address": "addr_test1vre2sc6w0zftnhselly9fd6kqqnmfmklful9zcmdh92mewszqs66y",
    "metadata": null
  },
  "currencies": [
    {
      "decimals": 0,
      "symbol": "486173414e616d65",
      "metadata": {
        "policyId": "wwwwwwwwwwwwwwwwwwwwwwwwwwwwwwwwwwwwwwwwwwwwwwwwwwwwwwwwwww"
      }
    }
  ]
}